Error: --owner, --alias, and --new-alias are required
