Error: --outcome must be one of release_both, refund_both, release_base_refund_quote, release_quote_refund_base
