Error: --id must be a 0x-prefixed 32-byte hex string
